[17:55:55] [ServerMain/INFO]: [bootstrap] Running Java 21 (OpenJDK 64-Bit Server VM 21.0.10+7-LTS; Eclipse Adoptium Temurin-21.0.10+7) on Windows 11 10.0 (amd64)
[17:55:55] [ServerMain/INFO]: [bootstrap] Loading Paper 1.21.11-126-main@3f5728e (2026-02-28T11:49:07Z) for Minecraft 1.21.11
[17:55:56] [ServerMain/INFO]: [PluginInitializerManager] Initializing plugins...
[17:55:57] [Paper Plugin Remapper Thread - 2/INFO]: [PluginRemapper] Remapping plugin 'plugins\RPG_Core_V2-2.0.0-SNAPSHOT-all.jar'...
[17:55:58] [Paper Plugin Remapper Thread - 2/INFO]: [PluginRemapper] Done remapping plugin 'plugins\RPG_Core_V2-2.0.0-SNAPSHOT-all.jar' in 1783ms.
[17:55:59] [ServerMain/INFO]: [PluginInitializerManager] Initialized 6 plugins
[17:55:59] [ServerMain/INFO]: [PluginInitializerManager] Bukkit plugins (6):
 - AuraSkills (2.3.10), BetonQuest (2.2.1), Citizens (2.0.41-SNAPSHOT (build 4025)), DecentHolograms (2.9.9), LW_Lobby_V2 (1.0.0-SNAPSHOT), RPG_Core_V2 (2.0.0-SNAPSHOT)
[17:56:03] [ServerMain/INFO]: Environment: Environment[sessionHost=https://sessionserver.mojang.com, servicesHost=https://api.minecraftservices.com, profilesHost=https://api.mojang.com, name=PROD]
[17:56:04] [ServerMain/INFO]: [ca.spottedleaf.dataconverter.minecraft.datatypes.MCTypeRegistry] Initialising converters for DataConverter...
[17:56:04] [ServerMain/INFO]: [ca.spottedleaf.dataconverter.minecraft.datatypes.MCTypeRegistry] Finished initialising converters for DataConverter in 521.6ms
[17:56:06] [ServerMain/INFO]: Loaded 1470 recipes
[17:56:06] [ServerMain/INFO]: Loaded 1584 advancements
[17:56:06] [Server thread/INFO]: Starting minecraft server version 1.21.11
[17:56:06] [Server thread/INFO]: Loading properties
[17:56:06] [Server thread/INFO]: This server is running Paper version 1.21.11-126-main@3f5728e (2026-02-28T11:49:07Z) (Implementing API version 1.21.11-R0.1-SNAPSHOT)
[17:56:06] [Server thread/INFO]: [spark] This server bundles the spark profiler. For more information please visit https://docs.papermc.io/paper/profiling
[17:56:06] [Server thread/INFO]: Using 4 threads for Netty based IO
[17:56:06] [Server thread/INFO]: Server Ping Player Sample Count: 12
[17:56:07] [Server thread/INFO]: [MoonriseCommon] Paper is using 3 worker threads, 1 I/O threads
[17:56:07] [Server thread/INFO]: Default game type: SURVIVAL
[17:56:07] [Server thread/INFO]: Generating keypair
[17:56:07] [Server thread/INFO]: Starting Minecraft server on 127.0.0.1:25568
[17:56:07] [Server thread/INFO]: Paper: Using Java compression from Velocity.
[17:56:07] [Server thread/INFO]: Paper: Using Java cipher from Velocity.
[17:56:07] [Server thread/INFO]: [SpigotLibraryLoader] [Citizens] Loading 6 libraries... please wait
[17:56:08] [Server thread/INFO]: [SpigotLibraryLoader] [Citizens] Loaded library C:\Users\cthvh\OneDrive\Desktop\Lost Wilderness\Server\backends\lobby-1\libraries\ch\ethz\globis\phtree\phtree\2.8.2\phtree-2.8.2.jar
[17:56:08] [Server thread/INFO]: [SpigotLibraryLoader] [Citizens] Loaded library C:\Users\cthvh\OneDrive\Desktop\Lost Wilderness\Server\backends\lobby-1\libraries\org\joml\joml\1.10.8\joml-1.10.8.jar
[17:56:08] [Server thread/INFO]: [SpigotLibraryLoader] [Citizens] Loaded library C:\Users\cthvh\OneDrive\Desktop\Lost Wilderness\Server\backends\lobby-1\libraries\it\unimi\dsi\fastutil\8.5.16\fastutil-8.5.16.jar
[17:56:08] [Server thread/INFO]: [SpigotLibraryLoader] [Citizens] Loaded library C:\Users\cthvh\OneDrive\Desktop\Lost Wilderness\Server\backends\lobby-1\libraries\team\unnamed\mocha\3.0.0\mocha-3.0.0.jar
[17:56:08] [Server thread/INFO]: [SpigotLibraryLoader] [Citizens] Loaded library C:\Users\cthvh\OneDrive\Desktop\Lost Wilderness\Server\backends\lobby-1\libraries\org\javassist\javassist\3.30.2-GA\javassist-3.30.2-GA.jar
[17:56:08] [Server thread/INFO]: [SpigotLibraryLoader] [Citizens] Loaded library C:\Users\cthvh\OneDrive\Desktop\Lost Wilderness\Server\backends\lobby-1\libraries\org\jetbrains\annotations\24.0.1\annotations-24.0.1.jar
[17:56:08] [Server thread/INFO]: [SpigotLibraryLoader] [Citizens] Loaded library C:\Users\cthvh\OneDrive\Desktop\Lost Wilderness\Server\backends\lobby-1\libraries\net\bytebuddy\byte-buddy\1.14.12\byte-buddy-1.14.12.jar
[17:56:08] [Server thread/INFO]: [SpigotLibraryLoader] [Citizens] Loaded library C:\Users\cthvh\OneDrive\Desktop\Lost Wilderness\Server\backends\lobby-1\libraries\net\bytebuddy\byte-buddy-agent\1.14.12\byte-buddy-agent-1.14.12.jar
[17:56:08] [Server thread/INFO]: [DecentHolograms] Loading server plugin DecentHolograms v2.9.9
[17:56:08] [Server thread/INFO]: [AuraSkills] Loading server plugin AuraSkills v2.3.10
[17:56:08] [Server thread/INFO]: [Citizens] Loading server plugin Citizens v2.0.41-SNAPSHOT (build 4025)
[17:56:08] [Server thread/INFO]: [BetonQuest] Loading server plugin BetonQuest v2.2.1
[17:56:08] [Server thread/INFO]: [RPG_Core_V2] Loading server plugin RPG_Core_V2 v2.0.0-SNAPSHOT
[17:56:08] [Server thread/INFO]: [LW_Lobby_V2] Loading server plugin LW_Lobby_V2 v1.0.0-SNAPSHOT
[17:56:08] [Server thread/INFO]: Server permissions file permissions.yml is empty, ignoring it
[17:56:08] [Server thread/WARN]: **** SERVER IS RUNNING IN OFFLINE/INSECURE MODE!
[17:56:08] [Server thread/WARN]: The server will make no attempt to authenticate usernames. Beware.
[17:56:08] [Server thread/WARN]: Whilst this makes it possible to use BungeeCord, unless access to your server is properly restricted, it also opens up the ability for hackers to connect with any username they choose.
[17:56:08] [Server thread/WARN]: Please see http://www.spigotmc.org/wiki/firewall-guide/ for further information.
[17:56:08] [Server thread/WARN]: To change this, set "online-mode" to "true" in the server.properties file.
[17:56:08] [Server thread/INFO]: Preparing level "world"
[17:56:08] [Server thread/INFO]: Loading 0 persistent chunks for world 'minecraft:overworld'...
[17:56:08] [Server thread/INFO]: Prepared spawn area in 1 ms
[17:56:08] [Server thread/INFO]: Loading 0 persistent chunks for world 'minecraft:the_nether'...
[17:56:08] [Server thread/INFO]: Prepared spawn area in 2 ms
[17:56:08] [Server thread/INFO]: Loading 0 persistent chunks for world 'minecraft:the_end'...
[17:56:08] [Server thread/INFO]: Prepared spawn area in 1 ms
[17:56:08] [Server thread/INFO]: Done preparing level "world" (0.383s)
[17:56:08] [Server thread/INFO]: [DecentHolograms] Enabling DecentHolograms v2.9.9
[17:56:08] [Server thread/INFO]: [DecentHolograms] Initialized NMS adapter for paper_v1_21_R7 (1.21.11).
[17:56:08] [Server thread/INFO]: [NBTAPI] [NBTAPI] Found Minecraft: 1.21.11! Trying to find NMS support
[17:56:08] [Server thread/INFO]: [NBTAPI] [NBTAPI] NMS support 'MC1_21_R7' loaded!
[17:56:08] [Server thread/INFO]: [NBTAPI] [NBTAPI] Using the plugin 'DecentHolograms' to create a bStats instance!
[17:56:08] [Server thread/INFO]: [DecentHolograms] NBT-API loaded successfully.
[17:56:08] [Server thread/INFO]: [AuraSkills] Enabling AuraSkills v2.3.10
[17:56:09] [Server thread/INFO]: [AuraSkills] Loaded 21 message files
[17:56:10] [Server thread/INFO]: [AuraSkills] Successfully registered hook DecentHolograms
[17:56:10] [Server thread/INFO]: [AuraSkills] Loaded 160 config options in 23 ms
[17:56:10] [Server thread/INFO]: [NBTAPI] [NBTAPI] Found Minecraft: 1.21.11! Trying to find NMS support
[17:56:10] [Server thread/INFO]: [NBTAPI] [NBTAPI] NMS support 'MC1_21_R7' loaded!
[17:56:10] [Server thread/INFO]: [NBTAPI] [NBTAPI] Using the plugin 'AuraSkills' to create a bStats instance!
[17:56:10] [Server thread/INFO]: [AuraSkills] Loaded 3 blocked/disabled worlds
[17:56:10] [Server thread/INFO]: [AuraSkills] [ACF] Enabled Asynchronous Tab Completion Support!
[17:56:10] [Server thread/INFO]: [Citizens] Enabling Citizens v2.0.41-SNAPSHOT (build 4025)
[17:56:12] [Server thread/INFO]: [Citizens] Loaded 2 templates.
[17:56:12] [Server thread/INFO]: [BetonQuest] Enabling BetonQuest v2.2.1
[17:56:13] [Server thread/INFO]: [BetonQuest] Running on JRE 21.0.10 (build 7, optional LTS, pre-release info N/A) by Eclipse Adoptium
[17:56:13] [Server thread/INFO]: [BetonQuest] Using SQLite for storing data!
[17:56:13] [Server thread/INFO]: [BetonQuest] Hooking into DecentHolograms
[17:56:13] [Server thread/WARN]: [BetonQuest] Holograms from DecentHolograms will not be able to use BetonQuest variables in text lines without PlaceholderAPI plugin! Install it to use holograms with variables!
[17:56:13] [Server thread/INFO]: [BetonQuest] Hooking into AuraSkills
[17:56:13] [Server thread/INFO]: [BetonQuest] Hooking into Citizens
[17:56:13] [Server thread/INFO]: [BetonQuest] Using DecentHolograms as dedicated hologram provider!
[17:56:13] [Server thread/INFO]: [BetonQuest] BetonQuest successfully enabled!
[17:56:13] [Server thread/INFO]: [RPG_Core_V2] Enabling RPG_Core_V2 v2.0.0-SNAPSHOT
[17:56:13] [Server thread/INFO]: [com.lostwilderness.rpgcore.lib.hikari.HikariDataSource] HikariPool-1 - Starting...
[17:56:14] [Server thread/INFO]: [com.lostwilderness.rpgcore.lib.hikari.pool.HikariPool] HikariPool-1 - Added connection com.mysql.cj.jdbc.ConnectionImpl@11ab819b
[17:56:14] [Server thread/INFO]: [com.lostwilderness.rpgcore.lib.hikari.HikariDataSource] HikariPool-1 - Start completed.
[17:56:14] [Server thread/INFO]: [RPG_Core_V2] Enabled modules from config: clans, player, progression, skills, classes, reputation
[17:56:14] [Server thread/INFO]: [RPG_Core_V2] [skills] AuraSkills bridge created; will initialize API on first use.
[17:56:14] [Server thread/INFO]: [RPG_Core_V2] [progression] Loaded. /v2progress and join milestones enabled.
[17:56:14] [Server thread/INFO]: [RPG_Core_V2] [clans] Loaded. /clan, /war, /alliance and scoreboard display enabled.
[17:56:14] [Server thread/WARN]: [RPG_Core_V2] [classes] Missing classes section in config/core.yml; using bundled defaults for starter-xp.
[17:56:14] [Server thread/INFO]: [RPG_Core_V2] [reputation] Loaded and service registered.
[17:56:14] [ForkJoinPool.commonPool-worker-7/INFO]: [ReputationRepository] Tables verified.
[17:56:14] [Server thread/INFO]: [RPG_Core_V2] [classes] Registered /class command executor.
[17:56:14] [Server thread/INFO]: [RPG_Core_V2] [skills] AuraSkills API ready; bridge active.
[17:56:14] [Server thread/INFO]: [RPG_Core_V2] [classes] Extracted auraskills-content/skills.yml
[17:56:14] [Server thread/INFO]: [RPG_Core_V2] [classes] Extracted auraskills-content/mana_abilities.yml
[17:56:14] [Server thread/INFO]: [RPG_Core_V2] [classes] Extracted auraskills-content/sources/templar_mastery.yml
[17:56:14] [Server thread/INFO]: [RPG_Core_V2] [classes] Extracted auraskills-content/rewards/templar_mastery.yml
[17:56:14] [Server thread/INFO]: [RPG_Core_V2] [classes] Extracted auraskills-content/sources/ranger_mastery.yml
[17:56:14] [Server thread/INFO]: [RPG_Core_V2] [classes] Extracted auraskills-content/rewards/ranger_mastery.yml
[17:56:14] [Server thread/INFO]: [RPG_Core_V2] [classes] Extracted auraskills-content/sources/artificer_mastery.yml
[17:56:14] [Server thread/INFO]: [RPG_Core_V2] [classes] Extracted auraskills-content/rewards/artificer_mastery.yml
[17:56:14] [Server thread/INFO]: [RPG_Core_V2] [classes] Extracted auraskills-content/sources/cultist_mastery.yml
[17:56:14] [Server thread/INFO]: [RPG_Core_V2] [classes] Extracted auraskills-content/rewards/cultist_mastery.yml
[17:56:14] [Server thread/INFO]: [RPG_Core_V2] [classes] Extracted auraskills-content/sources/berserker_mastery.yml
[17:56:14] [Server thread/INFO]: [RPG_Core_V2] [classes] Extracted auraskills-content/rewards/berserker_mastery.yml
[17:56:14] [Server thread/INFO]: [RPG_Core_V2] [classes] Registered 5 custom mana abilities with AuraSkills
[17:56:14] [Server thread/INFO]: [RPG_Core_V2] [classes] Registered 5 custom mastery skills with AuraSkills
[17:56:14] [Server thread/INFO]: [RPG_Core_V2] [classes] Registered 5 custom mana abilities with AuraSkills
[17:56:14] [Server thread/INFO]: [RPG_Core_V2] [classes] AuraSkills integration complete - 5 skills + 5 mana abilities registered
[17:56:14] [Server thread/INFO]: [RPG_Core_V2] Registered /v2ping test command.
[17:56:14] [Server thread/INFO]: [RPG_Core_V2] Registered /v2progress (ProgressionService ok).
[17:56:14] [Server thread/INFO]: [RPG_Core_V2] Registered /v2claim (claim milestone rewards from menu or command).
[17:56:14] [Server thread/INFO]: [RPG_Core_V2] Registered /v2skills (AuraSkills debug for fighting level).
[17:56:14] [Server thread/INFO]: [RPG_Core_V2] Registered /rewards (opens BetonQuest milestones menu).
[17:56:14] [Server thread/INFO]: [RPG_Core_V2] Registered /clan (ClanService ok).
[17:56:14] [Server thread/INFO]: [RPG_Core_V2] Registered /war and war head drops.
[17:56:14] [Server thread/INFO]: [RPG_Core_V2] Registered /alliance.
[17:56:14] [Server thread/INFO]: [RPG_Core_V2] [ZODIAC DEBUG] zodiacCmd: OK
[17:56:14] [Server thread/INFO]: [RPG_Core_V2] [ZODIAC DEBUG] zodiacService: NULL
[17:56:14] [Server thread/INFO]: [RPG_Core_V2] [ZODIAC DEBUG] clanService: OK
[17:56:14] [Server thread/WARN]: [RPG_Core_V2] Failed to register /zodiac command - one or more dependencies is null (see debug above)
[17:56:14] [Server thread/INFO]: [RPG_Core_V2] RPG_Core_V2 enabled.
[17:56:14] [Server thread/INFO]: [LW_Lobby_V2] Enabling LW_Lobby_V2 v1.0.0-SNAPSHOT
[17:56:14] [Server thread/INFO]: [LW_Lobby_V2] LW_Lobby_V2 initialized. Binding to RPG_Core_V2...
[17:56:14] [Server thread/WARN]: [LW_Lobby_V2] "LW_Lobby_V2 v1.0.0-SNAPSHOT" has registered a listener for org.spigotmc.event.player.PlayerSpawnLocationEvent on method "public void com.lostwilderness.lobbyv2.LobbyProtectionListener.onInitialSpawn(org.spigotmc.event.player.PlayerSpawnLocationEvent)", but the event is Deprecated. "Listening to this event causes the player to be created early. Using the player from this event will result in undefined behavior. Prefer AsyncPlayerSpawnLocationEvent."; please notify the authors [].
[17:56:14] [Server thread/INFO]: [spark] Starting background profiler...
[17:56:14] [Server thread/INFO]: [spark] The async-profiler engine is not supported for your os/arch (windows11/amd64), so the built-in Java engine will be used instead.
[17:56:14] [Server thread/INFO]: Running delayed init tasks
[17:56:14] [Server thread/INFO]: [BetonQuest] Enabled compatibility for AuraSkills, DecentHolograms, Citizens!
[17:56:14] [Craft Scheduler Thread - 0 - BetonQuest/WARN]: [BetonQuest] Could not fetch version updates. Probably the host is currently not available: nexus.betonquest.org
[17:56:14] [Server thread/INFO]: [BetonQuest] There are 0 conditions, 1 events, 0 objectives and 1 conversations loaded from 1 packages.
[17:56:14] [Server thread/INFO]: [BetonQuest] §aReloaded 0§a menus
[17:56:15] [Server thread/INFO]: [AuraSkills] Loaded 16 skills with 358 total sources
[17:56:15] [Server thread/INFO]: [AuraSkills] Loaded 9 stats and 17 traits
[17:56:15] [Server thread/INFO]: [AuraSkills] Loaded 32 pattern rewards and 0 level rewards
[17:56:15] [Server thread/INFO]: [AuraSkills] Loaded 53 loot entries in 4 pools and 2 tables
[17:56:15] [Server thread/INFO]: Environment: Environment[sessionHost=https://sessionserver.mojang.com, servicesHost=https://api.minecraftservices.com, profilesHost=https://api.mojang.com, name=PROD]
[17:56:15] [Server thread/INFO]: [AuraSkills] Loaded 7 menus
[17:56:15] [Server thread/INFO]: [Citizens] Loaded 2 NPCs.
[17:56:15] [Server thread/INFO]: Done (20.994s)! For help, type "help"
[17:56:16] [Paper Async Task Handler Thread - 1/INFO]: *** Currently you are 1 build(s) behind ***
[17:56:16] [Paper Async Task Handler Thread - 1/INFO]: *** It is highly recommended to download the latest build from https://papermc.io/downloads/paper ***
[17:56:18] [User Authenticator #0/INFO]: UUID of player lula0802 is f9641e82-35c1-4aee-9e24-7a2e8a2f8faf
[17:56:19] [Server thread/INFO]: lula0802 joined the game
[17:56:19] [Server thread/INFO]: lula0802[/127.0.0.1:58291] logged in with entity id 9 at ([world]8.5, -48.0, 8.5)
[17:56:32] [Server thread/INFO]: lula0802 issued server command: /class
[17:56:43] [Server thread/INFO]: lula0802 lost connection: Disconnected
[17:56:43] [Server thread/INFO]: lula0802 left the game
[19:42:30] [User Authenticator #1/INFO]: UUID of player lula0802 is f9641e82-35c1-4aee-9e24-7a2e8a2f8faf
[19:42:30] [Server thread/INFO]: lula0802 joined the game
[19:42:30] [Server thread/INFO]: lula0802[/127.0.0.1:55824] logged in with entity id 21 at ([world]8.5, -48.0, 8.5)
[19:42:35] [Server thread/INFO]: lula0802 issued server command: /class
[19:42:39] [Server thread/INFO]: lula0802 issued server command: /skills
[19:43:52] [Server thread/INFO]: lula0802 lost connection: Disconnected
[19:43:52] [Server thread/INFO]: lula0802 left the game
