[17:37:49] [ServerMain/INFO]: [bootstrap] Running Java 21 (OpenJDK 64-Bit Server VM 21.0.10+7-LTS; Eclipse Adoptium Temurin-21.0.10+7) on Windows 11 10.0 (amd64)
[17:37:49] [ServerMain/INFO]: [bootstrap] Loading Paper 1.21.11-126-main@3f5728e (2026-02-28T11:49:07Z) for Minecraft 1.21.11
[17:37:50] [ServerMain/INFO]: [PluginInitializerManager] Initializing plugins...
[17:37:50] [Paper Plugin Remapper Thread - 2/INFO]: [PluginRemapper] Remapping plugin 'plugins\LW_Amplified_V2-1.0.0-SNAPSHOT.jar'...
[17:37:50] [Paper Plugin Remapper Thread - 3/INFO]: [PluginRemapper] Remapping plugin 'plugins\RPG_Core_V2-2.0.0-SNAPSHOT-all.jar'...
[17:37:50] [Paper Plugin Remapper Thread - 2/INFO]: [PluginRemapper] Done remapping plugin 'plugins\LW_Amplified_V2-1.0.0-SNAPSHOT.jar' in 474ms.
[17:37:51] [Paper Plugin Remapper Thread - 3/INFO]: [PluginRemapper] Done remapping plugin 'plugins\RPG_Core_V2-2.0.0-SNAPSHOT-all.jar' in 1322ms.
[17:37:52] [ServerMain/INFO]: [PluginInitializerManager] Initialized 5 plugins
[17:37:52] [ServerMain/INFO]: [PluginInitializerManager] Bukkit plugins (5):
 - AuraSkills (2.3.10), Citizens (2.0.41-SNAPSHOT (build 4025)), LW-Amplified-V2 (1.0.0), LostWilderness-Common (2.0.0), RPG_Core_V2 (2.0.0-SNAPSHOT)
[17:37:56] [ServerMain/INFO]: Environment: Environment[sessionHost=https://sessionserver.mojang.com, servicesHost=https://api.minecraftservices.com, profilesHost=https://api.mojang.com, name=PROD]
[17:37:58] [ServerMain/INFO]: Loaded 1470 recipes
[17:37:58] [ServerMain/INFO]: Loaded 1584 advancements
[17:37:58] [ServerMain/INFO]: [ca.spottedleaf.dataconverter.minecraft.datatypes.MCTypeRegistry] Initialising converters for DataConverter...
[17:37:59] [ServerMain/INFO]: [ca.spottedleaf.dataconverter.minecraft.datatypes.MCTypeRegistry] Finished initialising converters for DataConverter in 416.9ms
[17:37:59] [Server thread/INFO]: Starting minecraft server version 1.21.11
[17:37:59] [Server thread/INFO]: Loading properties
[17:37:59] [Server thread/INFO]: This server is running Paper version 1.21.11-126-main@3f5728e (2026-02-28T11:49:07Z) (Implementing API version 1.21.11-R0.1-SNAPSHOT)
[17:37:59] [Server thread/INFO]: [spark] This server bundles the spark profiler. For more information please visit https://docs.papermc.io/paper/profiling
[17:37:59] [Server thread/INFO]: Server Ping Player Sample Count: 12
[17:37:59] [Server thread/INFO]: Using 4 threads for Netty based IO
[17:38:00] [Server thread/INFO]: [MoonriseCommon] Paper is using 3 worker threads, 1 I/O threads
[17:38:00] [Server thread/INFO]: Default game type: SURVIVAL
[17:38:00] [Server thread/INFO]: Generating keypair
[17:38:00] [Server thread/INFO]: Starting Minecraft server on 127.0.0.1:25567
[17:38:00] [Server thread/INFO]: Paper: Using Java compression from Velocity.
[17:38:00] [Server thread/INFO]: Paper: Using Java cipher from Velocity.
[17:38:01] [Server thread/INFO]: [SpigotLibraryLoader] [Citizens] Loading 6 libraries... please wait
[17:38:01] [Server thread/INFO]: [SpigotLibraryLoader] [Citizens] Loaded library C:\Users\cthvh\OneDrive\Desktop\Lost Wilderness\Server\backends\amplified-1\libraries\ch\ethz\globis\phtree\phtree\2.8.2\phtree-2.8.2.jar
[17:38:01] [Server thread/INFO]: [SpigotLibraryLoader] [Citizens] Loaded library C:\Users\cthvh\OneDrive\Desktop\Lost Wilderness\Server\backends\amplified-1\libraries\org\joml\joml\1.10.8\joml-1.10.8.jar
[17:38:01] [Server thread/INFO]: [SpigotLibraryLoader] [Citizens] Loaded library C:\Users\cthvh\OneDrive\Desktop\Lost Wilderness\Server\backends\amplified-1\libraries\it\unimi\dsi\fastutil\8.5.16\fastutil-8.5.16.jar
[17:38:01] [Server thread/INFO]: [SpigotLibraryLoader] [Citizens] Loaded library C:\Users\cthvh\OneDrive\Desktop\Lost Wilderness\Server\backends\amplified-1\libraries\team\unnamed\mocha\3.0.0\mocha-3.0.0.jar
[17:38:01] [Server thread/INFO]: [SpigotLibraryLoader] [Citizens] Loaded library C:\Users\cthvh\OneDrive\Desktop\Lost Wilderness\Server\backends\amplified-1\libraries\org\javassist\javassist\3.30.2-GA\javassist-3.30.2-GA.jar
[17:38:01] [Server thread/INFO]: [SpigotLibraryLoader] [Citizens] Loaded library C:\Users\cthvh\OneDrive\Desktop\Lost Wilderness\Server\backends\amplified-1\libraries\org\jetbrains\annotations\24.0.1\annotations-24.0.1.jar
[17:38:01] [Server thread/INFO]: [SpigotLibraryLoader] [Citizens] Loaded library C:\Users\cthvh\OneDrive\Desktop\Lost Wilderness\Server\backends\amplified-1\libraries\net\bytebuddy\byte-buddy\1.14.12\byte-buddy-1.14.12.jar
[17:38:01] [Server thread/INFO]: [SpigotLibraryLoader] [Citizens] Loaded library C:\Users\cthvh\OneDrive\Desktop\Lost Wilderness\Server\backends\amplified-1\libraries\net\bytebuddy\byte-buddy-agent\1.14.12\byte-buddy-agent-1.14.12.jar
[17:38:01] [Server thread/INFO]: [AuraSkills] Loading server plugin AuraSkills v2.3.10
[17:38:01] [Server thread/INFO]: [RPG_Core_V2] Loading server plugin RPG_Core_V2 v2.0.0-SNAPSHOT
[17:38:01] [Server thread/INFO]: [LW-Amplified-V2] Loading server plugin LW-Amplified-V2 v1.0.0
[17:38:01] [Server thread/INFO]: [LostWilderness-Common] Loading server plugin LostWilderness-Common v2.0.0
[17:38:01] [Server thread/INFO]: [Citizens] Loading server plugin Citizens v2.0.41-SNAPSHOT (build 4025)
[17:38:01] [Server thread/INFO]: Server permissions file permissions.yml is empty, ignoring it
[17:38:01] [Server thread/INFO]: [LostWilderness-Common] Enabling LostWilderness-Common v2.0.0
[17:38:01] [Server thread/WARN]: [LostWilderness-Common] [WARNING] LostWilderness Common plugin initialized
[17:38:01] [Server thread/WARN]: **** SERVER IS RUNNING IN OFFLINE/INSECURE MODE!
[17:38:01] [Server thread/WARN]: The server will make no attempt to authenticate usernames. Beware.
[17:38:01] [Server thread/WARN]: Whilst this makes it possible to use BungeeCord, unless access to your server is properly restricted, it also opens up the ability for hackers to connect with any username they choose.
[17:38:01] [Server thread/WARN]: Please see http://www.spigotmc.org/wiki/firewall-guide/ for further information.
[17:38:01] [Server thread/WARN]: To change this, set "online-mode" to "true" in the server.properties file.
[17:38:01] [Server thread/INFO]: Preparing level "world"
[17:38:02] [Server thread/INFO]: Loading 0 persistent chunks for world 'minecraft:overworld'...
[17:38:02] [Server thread/INFO]: Prepared spawn area in 1 ms
[17:38:02] [Server thread/INFO]: Loading 0 persistent chunks for world 'minecraft:the_nether'...
[17:38:02] [Server thread/INFO]: Prepared spawn area in 2 ms
[17:38:02] [Server thread/INFO]: Loading 0 persistent chunks for world 'minecraft:the_end'...
[17:38:02] [Server thread/INFO]: Prepared spawn area in 1 ms
[17:38:02] [Server thread/INFO]: Done preparing level "world" (0.782s)
[17:38:02] [Server thread/INFO]: [AuraSkills] Enabling AuraSkills v2.3.10
[17:38:03] [Server thread/INFO]: [AuraSkills] Loaded 21 message files
[17:38:04] [Server thread/INFO]: [AuraSkills] Loaded 160 config options in 22 ms
[17:38:04] [Server thread/INFO]: [NBTAPI] [NBTAPI] Found Minecraft: 1.21.11! Trying to find NMS support
[17:38:04] [Server thread/INFO]: [NBTAPI] [NBTAPI] NMS support 'MC1_21_R7' loaded!
[17:38:04] [Server thread/INFO]: [NBTAPI] [NBTAPI] Using the plugin 'AuraSkills' to create a bStats instance!
[17:38:04] [Server thread/INFO]: [AuraSkills] Loaded 3 blocked/disabled worlds
[17:38:04] [Server thread/INFO]: [AuraSkills] [ACF] Enabled Asynchronous Tab Completion Support!
[17:38:05] [Server thread/INFO]: [RPG_Core_V2] Enabling RPG_Core_V2 v2.0.0-SNAPSHOT
[17:38:05] [Server thread/INFO]: [com.lostwilderness.rpgcore.lib.hikari.HikariDataSource] HikariPool-1 - Starting...
[17:38:05] [Server thread/INFO]: [com.lostwilderness.rpgcore.lib.hikari.pool.HikariPool] HikariPool-1 - Added connection com.mysql.cj.jdbc.ConnectionImpl@23bcdf3e
[17:38:05] [Server thread/INFO]: [com.lostwilderness.rpgcore.lib.hikari.HikariDataSource] HikariPool-1 - Start completed.
[17:38:05] [Server thread/INFO]: [RPG_Core_V2] Enabled modules from config: player, classes, clans, boss, calendar, events, progression, skills, reputation, portals
[17:38:05] [Server thread/INFO]: [RPG_Core_V2] [skills] AuraSkills bridge created; will initialize API on first use.
[17:38:05] [Server thread/INFO]: [RPG_Core_V2] [calendar] Loaded and initial state ready.
[17:38:05] [Server thread/INFO]: [RPG_Core_V2] [events] Loaded with 1 seasonal, 20 daily event(s).
[17:38:05] [Server thread/INFO]: [RPG_Core_V2] [progression] Loaded. /v2progress and join milestones enabled.
[17:38:05] [Server thread/INFO]: [RPG_Core_V2] [clans] Loaded. /clan, /war, /alliance and scoreboard display enabled.
[17:38:05] [ForkJoinPool.commonPool-worker-1/INFO]: [BossKillRepository] Tables verified.
[17:38:05] [ForkJoinPool.commonPool-worker-2/INFO]: [ReputationRepository] Tables verified.
[17:38:05] [rpgcore-portals-db/INFO]: [RPGCore-Portals] Checking/creating portal tables in Database: lw_player, Schema: lw_player
[17:38:05] [Server thread/INFO]: [RPGCore-Portals] Portal tables ready.
[17:38:05] [rpgcore-portals-db/INFO]: [RPGCore-Portals] Verified tables in PUBLIC schema: 
[17:38:05] [Server thread/INFO]: [RPG_Core_V2] [portals] Loaded. /portals, /deleteportals and cross-server transfer enabled.
[17:38:05] [Server thread/INFO]: [RPG_Core_V2] Registered /v2ping test command.
[17:38:05] [Server thread/INFO]: [RPG_Core_V2] Registered /v2progress (ProgressionService ok).
[17:38:05] [Server thread/INFO]: [RPG_Core_V2] Registered /v2claim (claim milestone rewards from menu or command).
[17:38:05] [Server thread/INFO]: [RPG_Core_V2] Registered /v2skills (AuraSkills debug for fighting level).
[17:38:05] [Server thread/INFO]: [RPG_Core_V2] Registered /rewards (opens BetonQuest milestones menu).
[17:38:05] [Server thread/INFO]: [RPG_Core_V2] Registered /clan (ClanService ok).
[17:38:05] [Server thread/INFO]: [RPG_Core_V2] Registered /war and war head drops.
[17:38:05] [Server thread/INFO]: [RPG_Core_V2] Registered /alliance.
[17:38:05] [Server thread/INFO]: [RPG_Core_V2] RPG_Core_V2 enabled.
[17:38:05] [Server thread/INFO]: [LW-Amplified-V2] Enabling LW-Amplified-V2 v1.0.0
[17:38:05] [Server thread/INFO]: [LW-Amplified-V2] LW-Amplified-V2 enabled. RPG_Core_V2 2.0.0-SNAPSHOT
[17:38:05] [Server thread/INFO]: [Citizens] Enabling Citizens v2.0.41-SNAPSHOT (build 4025)
[17:38:08] [Server thread/INFO]: [Citizens] Loaded 2 templates.
[17:38:08] [Server thread/INFO]: [spark] Starting background profiler...
[17:38:08] [Server thread/INFO]: [spark] The async-profiler engine is not supported for your os/arch (windows11/amd64), so the built-in Java engine will be used instead.
[17:38:09] [Server thread/INFO]: Running delayed init tasks
[17:38:09] [Server thread/INFO]: [AuraSkills] Loaded 11 skills with 327 total sources
[17:38:09] [Server thread/INFO]: [AuraSkills] Loaded 9 stats and 17 traits
[17:38:09] [Server thread/INFO]: [AuraSkills] Loaded 22 pattern rewards and 0 level rewards
[17:38:09] [Server thread/INFO]: [AuraSkills] Loaded 53 loot entries in 4 pools and 2 tables
[17:38:10] [Server thread/INFO]: Environment: Environment[sessionHost=https://sessionserver.mojang.com, servicesHost=https://api.minecraftservices.com, profilesHost=https://api.mojang.com, name=PROD]
[17:38:10] [Server thread/INFO]: [AuraSkills] Loaded 7 menus
[17:38:10] [Server thread/INFO]: [Citizens] Loaded 0 NPCs.
[17:38:10] [Server thread/INFO]: Done (21.532s)! For help, type "help"
[17:38:10] [Paper Async Task Handler Thread - 1/INFO]: *** Currently you are 1 build(s) behind ***
[17:38:10] [Paper Async Task Handler Thread - 1/INFO]: *** It is highly recommended to download the latest build from https://papermc.io/downloads/paper ***
[17:39:46] [Server thread/INFO]: Stopping server
[17:39:46] [Server thread/INFO]: [Citizens] Disabling Citizens v2.0.41-SNAPSHOT (build 4025)
[17:39:46] [Server thread/WARN]: [LostWilderness-Common] [INFO] Disabling LostWilderness-Common v2.0.0
[17:39:46] [Server thread/INFO]: [LW-Amplified-V2] Disabling LW-Amplified-V2 v1.0.0
[17:39:46] [Server thread/INFO]: [RPG_Core_V2] Disabling RPG_Core_V2 v2.0.0-SNAPSHOT
[17:39:46] [Server thread/INFO]: [com.lostwilderness.rpgcore.lib.hikari.HikariDataSource] HikariPool-1 - Shutdown initiated...
[17:39:46] [Server thread/INFO]: [com.lostwilderness.rpgcore.lib.hikari.HikariDataSource] HikariPool-1 - Shutdown completed.
[17:39:46] [Server thread/INFO]: [RPG_Core_V2] RPG_Core_V2 disabled.
[17:39:46] [Server thread/INFO]: [AuraSkills] Disabling AuraSkills v2.3.10
[17:39:46] [Server thread/INFO]: Saving players
[17:39:46] [Server thread/INFO]: Saving worlds
[17:39:46] [Server thread/INFO]: Saving chunks for level 'ServerLevel[world]'/minecraft:overworld
[17:39:46] [Server thread/INFO]: [ChunkHolderManager] Waiting 60s for chunk system to halt for world 'world'
[17:39:46] [Server thread/INFO]: [ChunkHolderManager] Halted chunk system for world 'world'
[17:39:46] [Server thread/INFO]: [ChunkHolderManager] Saving all chunkholders for world 'world'
[17:39:46] [Server thread/INFO]: [ChunkHolderManager] Saved 0 block chunks, 0 entity chunks, 0 poi chunks in world 'world' in 0.00s
[17:39:46] [Server thread/INFO]: [ChunkHolderManager] Waiting 60s for chunk I/O to halt for world 'world'
[17:39:46] [Server thread/INFO]: [ChunkHolderManager] Halted I/O scheduler for world 'world'
[17:39:46] [Server thread/INFO]: Saving chunks for level 'ServerLevel[world_nether]'/minecraft:the_nether
[17:39:46] [Server thread/INFO]: [ChunkHolderManager] Waiting 60s for chunk system to halt for world 'world_nether'
[17:39:46] [Server thread/INFO]: [ChunkHolderManager] Halted chunk system for world 'world_nether'
[17:39:46] [Server thread/INFO]: [ChunkHolderManager] Saving all chunkholders for world 'world_nether'
[17:39:46] [Server thread/INFO]: [ChunkHolderManager] Saved 0 block chunks, 0 entity chunks, 0 poi chunks in world 'world_nether' in 0.00s
[17:39:46] [Server thread/INFO]: [ChunkHolderManager] Waiting 60s for chunk I/O to halt for world 'world_nether'
[17:39:46] [Server thread/INFO]: [ChunkHolderManager] Halted I/O scheduler for world 'world_nether'
[17:39:46] [Server thread/INFO]: Saving chunks for level 'ServerLevel[world_the_end]'/minecraft:the_end
[17:39:46] [Server thread/INFO]: [ChunkHolderManager] Waiting 60s for chunk system to halt for world 'world_the_end'
[17:39:46] [Server thread/INFO]: [ChunkHolderManager] Halted chunk system for world 'world_the_end'
[17:39:46] [Server thread/INFO]: [ChunkHolderManager] Saving all chunkholders for world 'world_the_end'
[17:39:46] [Server thread/INFO]: [ChunkHolderManager] Saved 0 block chunks, 0 entity chunks, 0 poi chunks in world 'world_the_end' in 0.00s
[17:39:46] [Server thread/INFO]: [ChunkHolderManager] Waiting 60s for chunk I/O to halt for world 'world_the_end'
[17:39:46] [Server thread/INFO]: [ChunkHolderManager] Halted I/O scheduler for world 'world_the_end'
[17:39:46] [Server thread/INFO]: ThreadedAnvilChunkStorage (world): All chunks are saved
[17:39:46] [Server thread/INFO]: ThreadedAnvilChunkStorage (DIM-1): All chunks are saved
[17:39:46] [Server thread/INFO]: ThreadedAnvilChunkStorage (DIM1): All chunks are saved
[17:39:46] [Server thread/INFO]: ThreadedAnvilChunkStorage: All dimensions are saved
[17:39:46] [Server thread/INFO]: Waiting for all RegionFile I/O tasks to complete...
[17:39:46] [Server thread/INFO]: All RegionFile I/O tasks to complete
[17:39:46] [Server thread/INFO]: [MoonriseCommon] Awaiting termination of worker pool for up to 60s...
[17:39:46] [Server thread/INFO]: [MoonriseCommon] Awaiting termination of I/O pool for up to 60s...
